// Jest Snapshot v1, https://goo.gl/fbAQLP

exports[`Correctly TestQuestion render 1`] = `
<div>
  <p
    className="form-test__question"
  >
    СПИСОК ПОКУПОК – ЭТО…
  </p>
  <ul
    className="form-test__answers-list"
  >
    <li
      className="form-test__answers-item"
    >
      <input
        className="form-test__answer-input checkbox visually-hidden"
        id="question-list-0"
        name="question-list"
        type="radio"
        value="a"
      />
      <label
        className="form-test__answer-text"
        htmlFor="question-list-0"
      >
        Список чего? У меня все есть.
      </label>
    </li>
  </ul>
  <button
    aria-label="Далее"
    className="form-test__button"
    type="submit"
  >
    Далее
  </button>
</div>
`;
